ThinkPad@LAPTOP-L82KNITU MINGW64 /d
$ git clone https://github.com/liloyunwen/1.git
Cloning into '1'...
remote: Enumerating objects: 3, done.
remote: Counting objects: 100% (3/3), done.
remote: Total 3 (delta 0), reused 3 (delta 0), pack-reused 0
Unpacking objects: 100% (3/3), done.

ThinkPad@LAPTOP-L82KNITU MINGW64 /d
$ cd 1

ThinkPad@LAPTOP-L82KNITU MINGW64 /d/1 (master)
$ git status
On branch master
Your branch is up to date with 'origin/master'.

Untracked files:
  (use "git add <file>..." to include in what will be committed)

        test.txt

nothing added to commit but untracked files present (use "git add" to track)

ThinkPad@LAPTOP-L82KNITU MINGW64 /d/1 (master)
$ git add --all

ThinkPad@LAPTOP-L82KNITU MINGW64 /d/1 (master)
$ git commit -m"test"
[master 329bf81] test
 1 file changed, 1 insertion(+)
 create mode 100644 test.txt

ThinkPad@LAPTOP-L82KNITU MINGW64 /d/1 (master)
$ git push origin -u master
      5 [sig] bash 3032! sigpacket::process: Suppressing signal 18 to win32 process (pid 4076)
9105203 [sig] bash 3032! sigpacket::process: Suppressing signal 18 to win32 process (pid 4076)

ThinkPad@LAPTOP-L82KNITU MINGW64 /d/1 (master)
$ git push -u origin master
Enumerating objects: 4, done.
Counting objects: 100% (4/4), done.
Delta compression using up to 4 threads
Compressing objects: 100% (2/2), done.
Writing objects: 100% (3/3), 272 bytes | 272.00 KiB/s, done.
Total 3 (delta 0), reused 0 (delta 0)
To https://github.com/liloyunwen/1.git
   64e92b5..329bf81  master -> master
Branch 'master' set up to track remote branch 'master' from 'origin'.


New pull request